################################################################################
#                                                                              #
#      IAR Universal Linker V4.61A/386                                         #
#                                                                              #
#           Link time     =  11/Jun/2008  16:06:47                             #
#           Target CPU    =  ARM                                               #
#           List file     =  "C:\NXT\LMS NXT\AT91SAM7S256\SAM7S256\Object\LMS_ #
#                            ARM.map"                                          #
#           Output file 1 =  "C:\NXT\LMS NXT\AT91SAM7S256\SAM7S256\Object\LMS_ #
#                            ARM.d79"                                          #
#                            Format: debug                                     #
#                            UBROF version 10.0.2                              #
#                            Using library modules for C-SPY (-rt)             #
#           Output file 2 =  "C:\NXT\LMS NXT\AT91SAM7S256\SAM7S256\Object\LMS_ #
#                            ARM.a79"                                          #
#                            Format: raw-binary                                #
#           Command line  =  "C:\NXT\LMS NXT\AT91SAM7S256\SAM7S256\Object\Csta #
#                            rtup.r79"                                         #
#                            "C:\NXT\LMS NXT\AT91SAM7S256\SAM7S256\Object\Csta #
#                            rtup_SAM7.r79"                                    #
#                            "C:\NXT\LMS NXT\AT91SAM7S256\SAM7S256\Object\c_bu #
#                            tton.r79"                                         #
#                            "C:\NXT\LMS NXT\AT91SAM7S256\SAM7S256\Object\c_cm #
#                            d.r79"                                            #
#                            "C:\NXT\LMS NXT\AT91SAM7S256\SAM7S256\Object\c_co #
#                            mm.r79"                                           #
#                            "C:\NXT\LMS NXT\AT91SAM7S256\SAM7S256\Object\c_di #
#                            splay.r79"                                        #
#                            "C:\NXT\LMS NXT\AT91SAM7S256\SAM7S256\Object\c_in #
#                            put.r79"                                          #
#                            "C:\NXT\LMS NXT\AT91SAM7S256\SAM7S256\Object\c_io #
#                            ctrl.r79"                                         #
#                            "C:\NXT\LMS NXT\AT91SAM7S256\SAM7S256\Object\c_lo #
#                            ader.r79"                                         #
#                            "C:\NXT\LMS NXT\AT91SAM7S256\SAM7S256\Object\c_lo #
#                            wspeed.r79"                                       #
#                            "C:\NXT\LMS NXT\AT91SAM7S256\SAM7S256\Object\c_ou #
#                            tput.r79"                                         #
#                            "C:\NXT\LMS NXT\AT91SAM7S256\SAM7S256\Object\c_so #
#                            und.r79"                                          #
#                            "C:\NXT\LMS NXT\AT91SAM7S256\SAM7S256\Object\c_ui #
#                            .r79"                                             #
#                            "C:\NXT\LMS NXT\AT91SAM7S256\SAM7S256\Object\d_bt #
#                            .r79"                                             #
#                            "C:\NXT\LMS NXT\AT91SAM7S256\SAM7S256\Object\d_bu #
#                            tton.r79"                                         #
#                            "C:\NXT\LMS NXT\AT91SAM7S256\SAM7S256\Object\d_di #
#                            splay.r79"                                        #
#                            "C:\NXT\LMS NXT\AT91SAM7S256\SAM7S256\Object\d_hi #
#                            speed.r79"                                        #
#                            "C:\NXT\LMS NXT\AT91SAM7S256\SAM7S256\Object\d_in #
#                            put.r79"                                          #
#                            "C:\NXT\LMS NXT\AT91SAM7S256\SAM7S256\Object\d_io #
#                            ctrl.r79"                                         #
#                            "C:\NXT\LMS NXT\AT91SAM7S256\SAM7S256\Object\d_lo #
#                            ader.r79"                                         #
#                            "C:\NXT\LMS NXT\AT91SAM7S256\SAM7S256\Object\d_lo #
#                            wspeed.r79"                                       #
#                            "C:\NXT\LMS NXT\AT91SAM7S256\SAM7S256\Object\d_ou #
#                            tput.r79"                                         #
#                            "C:\NXT\LMS NXT\AT91SAM7S256\SAM7S256\Object\d_so #
#                            und.r79"                                          #
#                            "C:\NXT\LMS NXT\AT91SAM7S256\SAM7S256\Object\d_ti #
#                            mer.r79"                                          #
#                            "C:\NXT\LMS NXT\AT91SAM7S256\SAM7S256\Object\d_us #
#                            b.r79"                                            #
#                            "C:\NXT\LMS NXT\AT91SAM7S256\SAM7S256\Object\m_sc #
#                            hed.r79"                                          #
#                            -o                                                #
#                            "C:\NXT\LMS NXT\AT91SAM7S256\SAM7S256\Object\LMS_ #
#                            ARM.d79"                                          #
#                            -l                                                #
#                            "C:\NXT\LMS NXT\AT91SAM7S256\SAM7S256\Object\LMS_ #
#                            ARM.map"                                          #
#                            -xms -f                                           #
#                            "C:\NXT\LMS NXT\AT91SAM7S256\SAM7S256\Tools\at91S #
#                            AM7S256_Remap.xcl"                                #
#                            (-carm -Z(CONST)INTRAMSTART=00200000              #
#                            -Z(CONST)INTRAMEND_BEFORE_REMAP=00210000          #
#                            -Z(CONST)INTRAMEND_REMAP=00010000                 #
#                            -DROMSTART=00100000 -DROMEND=0013FFFF             #
#                            -DRAMSTART=00000100 -DRAMEND=0000FFFF             #
#                            -Z(CODE)INTVEC=00-3F                              #
#                            -Z(CODE)ICODE,DIFUNCT=ROMSTART-ROMEND             #
#                            -Z(CODE)SWITAB=ROMSTART-ROMEND                    #
#                            -Z(CODE)CODE=ROMSTART-ROMEND                      #
#                            -Z(CODE)RAMCODE=RAMSTART-RAMEND                   #
#                            -Z(CONST)INITTAB,DATA_ID,DATA_C=ROMSTART-ROMEND   #
#                            -Z(CONST)CHECKSUM=ROMSTART-ROMEND                 #
#                            -Z(DATA)DATA_I,DATA_Z,DATA_N=RAMSTART-RAMEND      #
#                            -Z(DATA)CODE_I=RAMSTART-RAMEND                    #
#                            -Z(CONST)CODE_ID=ROMSTART-ROMEND                  #
#                            -QCODE_I=CODE_ID -D_CSTACK_SIZE=(100*4)           #
#                            -D_IRQ_STACK_SIZE=(3*8*4)                         #
#                            -Z(DATA)CSTACK+_CSTACK_SIZE=RAMSTART-RAMEND       #
#                            -Z(DATA)IRQ_STACK+_IRQ_STACK_SIZE=RAMSTART-RAMEND #
#                            -D_HEAP_SIZE=1024                                 #
#                            -Z(DATA)HEAP+_HEAP_SIZE=RAMSTART-RAMEND)          #
#                            -e_PrintfTiny=_Printf -e_ScanfSmall=_Scanf -rt    #
#                            "C:\NXT\LMS NXT\AT91SAM7S256\SAM7S256\Tools\..\Li #
#                            b\dl4tptinl8n.r79"                                #
#                            "-Oraw-binary=C:\NXT\LMS NXT\AT91SAM7S256\SAM7S25 #
#                            6\Object\LMS_ARM.a79"                             #
#                                                                              #
#                        Copyright 1987-2007 IAR Systems. All rights reserved. #
################################################################################





                ****************************************
                *                                      *
                *           CROSS REFERENCE            *
                *                                      *
                ****************************************

                  There are no program entries.




                ****************************************
                *                                      *
                *            RUNTIME MODEL             *
                *                                      *
                ****************************************

  StackAlign4            = USED
  StackAlign8            = USED
  __cpu_mode             = __pcs__interwork
  __data_model           = absolute
  __dlib_file_descriptor = 0
  __endian               = little
  __rt_version           = 6
  __thumb_aware          = enabled



                ****************************************
                *                                      *
                *              MODULE MAP              *
                *                                      *
                ****************************************


  DEFINED ABSOLUTE ENTRIES
    *************************************************************************

  DEFINED ABSOLUTE ENTRIES
  PROGRAM MODULE, NAME : ?ABS_ENTRY_MOD

Absolute parts
           ENTRY                   ADDRESS         REF BY
           =====                   =======         ======
           _HEAP_SIZE              00001024 
           _IRQ_STACK_SIZE         00000060 
           _CSTACK_SIZE            00000400 
           RAMEND                  0000FFFF 
           RAMSTART                00000100 
           ROMEND                  0013FFFF 
           ROMSTART                00100000 
    *************************************************************************

  FILE NAME : C:\NXT\LMS NXT\AT91SAM7S256\SAM7S256\Object\Cstartup.r79
  PROGRAM MODULE, NAME : ?RESET

  SEGMENTS IN THE MODULE
  ======================
ICODE
  Relative segment, address: 00100000 - 001000A3 (0xa4 bytes), align: 2
  Segment part 0. ROOT.
           ENTRY                   ADDRESS         REF BY
           =====                   =======         ======
           reset                   00100000        Segment part 3 (?RESET_init)
           AT91F_Default_FIQ_handler
                                   00100094        AT91F_LowLevelInit (Cstartup_SAM7)
           AT91F_Default_IRQ_handler
                                   00100098        AT91F_LowLevelInit (Cstartup_SAM7)
           AT91F_Spurious_handler
                                   0010009C        AT91F_LowLevelInit (Cstartup_SAM7)
           LOCAL                   ADDRESS         
           =====                   =======         
           undefvec                00100004 
           swivec                  00100008 
           pabtvec                 0010000C 
           dabtvec                 00100010 
           rsvdvec                 00100014 
           irqvec                  00100018 
           IRQ_Handler_Entry       00100044 
           fiqvec                  0010001C 
           FIQ_Handler_Entry       0010001C 
           _?0                     001000A0 

    -------------------------------------------------------------------------
  PROGRAM MODULE, NAME : ?RESET_init

  SEGMENTS IN THE MODULE
  ======================
INTRAMEND_REMAP
  Relative segment, address: 00010000, align: 2
  Segment part 0. ROOT.
    -------------------------------------------------------------------------
INTRAMSTART
  Relative segment, address: 00200000, align: 2
  Segment part 1. ROOT.
    -------------------------------------------------------------------------
INTRAMEND_BEFORE_REMAP
  Relative segment, address: 00210000, align: 2
  Segment part 2. ROOT.
    -------------------------------------------------------------------------
ICODE
  Relative segment, address: 001000A4 - 0010015B (0xb8 bytes), align: 2
  Segment part 3. ROOT.
           ENTRY                   ADDRESS         REF BY
           =====                   =======         ======
           InitReset               001000A4        Segment part 0 (?RESET)
           __main                  00100130 
           LOCAL                   ADDRESS         
           =====                   =======         
           add_pc                  001000C0 
           add_pc_1                001000C4 
           copy                    001000D4 
           PtInitRemap             00100118 
           InitRemap               0010011C 
           ?jump_to_main           00100128 
           ?call_exit              00100134 
           End                     00100134 
           _?0                     00100138 
           _?1                     0010013C 
           _?2                     00100140 
           _?3                     00100144 
           _?4                     00100148 
           _?5                     0010014C 
           _?6                     00100150 
           _?7                     00100154 
           _?8                     00100158 

    *************************************************************************

  FILE NAME : C:\NXT\LMS NXT\AT91SAM7S256\SAM7S256\Object\Cstartup_SAM7.r79
  PROGRAM MODULE, NAME : Cstartup_SAM7

  SEGMENTS IN THE MODULE
  ======================
ICODE
  Relative segment, address: 0010015C - 00100203 (0xa8 bytes), align: 2
  Segment part 2.
           ENTRY                   ADDRESS         REF BY
           =====                   =======         ======
           AT91F_LowLevelInit      0010015D        Segment part 3 (?RESET_init)
               stack 1 = 00000000 ( 00000008 )

    *************************************************************************

  FILE NAME : C:\NXT\LMS NXT\AT91SAM7S256\SAM7S256\Object\c_button.r79
  PROGRAM MODULE, NAME : c_button

  SEGMENTS IN THE MODULE
  ======================
DATA_Z
  Relative segment, address: 000006E4 - 00000707 (0x24 bytes), align: 2
  Segment part 2.             Intra module refs:   Segment part 10
                                                   cButton
           LOCAL                   ADDRESS         
           =====                   =======         
           IOMapButton             000006E4 
    -------------------------------------------------------------------------
DATA_Z
  Relative segment, address: 00000708 - 00000714 (0xd bytes), align: 2
  Segment part 3.             Intra module refs:   Segment part 9
                                                   cButton
                                                   cButtonCtrl
           LOCAL                   ADDRESS         
           =====                   =======         
           BtnCnt                  00000714 
           VarsButton              00000708 
    -------------------------------------------------------------------------
DATA_C
  Relative segment, address: 00118890 - 001188C3 (0x34 bytes), align: 2
  Segment part 4.
           ENTRY                   ADDRESS         REF BY
           =====                   =======         ======
           cButton                 00118890        Segment part 5 (m_sched)
    -------------------------------------------------------------------------
CODE
  Relative segment, address: 00100248 - 00100283 (0x3c bytes), align: 2
  Segment part 6.             Intra module refs:   cButton
           ENTRY                   ADDRESS         REF BY
           =====                   =======         ======
           cButtonInit             00100249 
               stack 1 = 00000000 ( 0000000C )
    -------------------------------------------------------------------------
CODE
  Relative segment, address: 00100284 - 00100387 (0x104 bytes), align: 2
  Segment part 8.             Intra module refs:   cButton
           ENTRY                   ADDRESS         REF BY
           =====                   =======         ======
           cButtonCtrl             00100285 
               stack 1 = 00000000 ( 00000018 )
    -------------------------------------------------------------------------
CODE
  Relative segment, address: 00100388 - 0010038B (0x4 bytes), align: 2
  Segment part 9.             Intra module refs:   cButtonCtrl
                                                   cButtonInit
    -------------------------------------------------------------------------
CODE
  Relative segment, address: 0010038C - 0010038F (0x4 bytes), align: 2
  Segment part 10.            Intra module refs:   cButtonCtrl
                                                   cButtonInit
    -------------------------------------------------------------------------
CODE
  Relative segment, address: 00100390 - 00100399 (0xa bytes), align: 2
  Segment part 12.            Intra module refs:   cButton
           ENTRY                   ADDRESS         REF BY
           =====                   =======         ======
           cButtonExit             00100391 
               stack 1 = 00000000 ( 00000004 )
    -------------------------------------------------------------------------
INITTAB
  Relative segment, address: 00118288 - 00118293 (0xc bytes), align: 2
  Segment part 16. ROOT.
           ENTRY                   ADDRESS         REF BY
           =====                   =======         ======
           ?init?tab?DATA_Z        00118288 

    *************************************************************************

  FILE NAME : C:\NXT\LMS NXT\AT91SAM7S256\SAM7S256\Object\c_cmd.r79
  PROGRAM MODULE, NAME : c_cmd

  SEGMENTS IN THE MODULE
  ======================
DATA_Z
  Relative segment, address: 00000718 - 0000874B (0x8034 bytes), align: 2
  Segment part 8.             Intra module refs:   ?Subroutine150
                                                   Segment part 105
                                                   Segment part 185
                                                   Segment part 86
                                                   Segment part 95
                                                   cCmd
                                                   cCmdHandleRemoteCommands
                                                   cCmdInterpUnop1
           LOCAL                   ADDRESS         
           =====                   =======         
           IOMapCmd                00000718 
    -------------------------------------------------------------------------
DATA_Z
  Relative segment, address: 0000874C - 00008A0B (0x2c0 bytes), align: 2
  Segment part 9.             Intra module refs:   ?Subroutine158
                                                   Segment part 104
                                                   Segment part 108
                                                   Segment part 109
                                                   Segment part 115
                                                   Segment part 130
                                                   Segment part 138
                                                   Segment part 141
                                                   Segment part 156
                                                   Segment part 162
                                                   Segment part 179
                                                   Segment part 184
                                                   Segment part 193
                                                   Segment part 197
                                                   Segment part 202
                                                   Segment part 214
                                                   Segment part 222
                                                   Segment part 228
                                                   Segment part 237
                                                   Segment part 240
                                                   Segment part 246
                                                   Segment part 253
                                                   Segment part 256
                                                   Segment part 257
                                                   Segment part 261
                                                   Segment part 266
                                                   Segment part 267
                                                   Segment part 272
                                                   Segment part 281
                                                   Segment part 284
                                                   Segment part 294
                                                   Segment part 343
                                                   Segment part 372
                                                   Segment part 381
                                                   Segment part 408
                                                   Segment part 425
                                                   Segment part 88
                                                   Segment part 94
                                                   Segment part 98
                                                   cCmd
                                                   cCmdBTCheckStatus
                                                   cCmdCtrl
                                                   cCmdHandleRemoteCommands
                                                   cCmdInterpBinop
                                                   cCmdInterpFromClump
                                                   cCmdInterpOther
                                                   cCmdInterpUnop2
                                                   cCmdIsClumpIDSane
                                                   cCmdRestoreDefaultScreen
                                                   cCmdWrapGetStartTick
                                                   cCmdWrapMessageRead
                                                   cDirtyDisplay
           LOCAL                   ADDRESS         
           =====                   =======         
           VarsCmd                 0000874C 
    -------------------------------------------------------------------------
DATA_C
  Relative segment, address: 001188C4 - 001188CB (0x8 bytes), align: 2
  Segment part 3.             Intra module refs:   cCmdCopyBitMapBits
    -------------------------------------------------------------------------
DATA_C
  Relative segment, address: 001188CC - 001188E7 (0x1c bytes), align: 2
  Segment part 4.             Intra module refs:   Segment part 103
                                                   Segment part 91
    -------------------------------------------------------------------------
DATA_C
  Relative segment, address: 001188E8 - 0011891B (0x34 bytes), align: 2
  Segment part 12.
           ENTRY                   ADDRESS         REF BY
           =====                   =======         ======
           cCmd                    001188E8        Segment part 5 (m_sched)
    -------------------------------------------------------------------------
CODE
  Relative segment, address: 0010039C - 00100409 (0x6e bytes), align: 2
  Segment part 27.            Intra module refs:   Segment part 15
           ENTRY                   ADDRESS         REF BY
           =====                   =======         ======
           cCmdWrapDrawText        0010039D 
               stack 1 = 00000000 ( 0000001C )
    -------------------------------------------------------------------------
CODE
  Relative segment, address: 0010040C - 0010045D (0x52 bytes), align: 2
  Segment part 29.            Intra module refs:   Segment part 15
           ENTRY                   ADDRESS         REF BY
           =====                   =======         ======
           cCmdWrapDrawPoint       0010040D 
               stack 1 = 00000000 ( 00000014 )
    -------------------------------------------------------------------------
CODE
  Relative segment, address: 00100460 - 001004A1 (0x42 bytes), align: 2
  Segment part 31.            Intra module refs:   Segment part 15
           ENTRY                   ADDRESS         REF BY
           =====                   =======         ======
           cCmdWrapDrawLine        00100461 
               stack 1 = 00000000 ( 0000001C )
    -------------------------------------------------------------------------
CODE
  Relative segment, address: 001004A4 - 001004E3 (0x40 bytes), align: 2
  Segment part 33.            Intra module refs:   Segment part 15
           ENTRY                   ADDRESS         REF BY
           =====                   =======         ======
           cCmdWrapDrawCircle      001004A5 
               stack 1 = 00000000 ( 0000001C )
    -------------------------------------------------------------------------
CODE
  Relative segment, address: 001004E4 - 00100503 (0x20 bytes), align: 2
  Segment part 34.            Intra module refs:   cCmdAllocDopeVector
                                                   cCmdCalcFlattenedSize
                                                   cCmdCompareAggregates
                                                   cCmdDSArrayAlloc
                                                   cCmdGrowDopeVectorArray
                                                   cCmdLSRead
                                                   cCmdMessageWrite
                                                   cCmdWrapDrawCircle
                                                   cCmdWrapDrawLine
                                                   cCmdWrapDrawRect
           LOCAL                   ADDRESS         
           =====                   =======         
           ?Subroutine147          001004E5 
    -------------------------------------------------------------------------
CODE
  Relative segment, address: 00100504 - 00100507 (0x4 bytes), align: 2
  Segment part 35.            Intra module refs:   ?Subroutine147
                                                   cCmdWrapDrawPoint
                                                   cCmdWrapDrawText
    -------------------------------------------------------------------------
CODE
  Relative segment, address: 00100508 - 0010054B (0x44 bytes), align: 2
  Segment part 37.            Intra module refs:   Segment part 15
           ENTRY                   ADDRESS         REF BY
           =====                   =======         ======
           cCmdWrapDrawRect        00100509 
               stack 1 = 00000000 ( 00000020 )
    -------------------------------------------------------------------------
CODE
  Relative segment, address: 0010054C - 0010055F (0x14 bytes), align: 2
  Segment part 39.            Intra module refs:   cCmdResolveValue
                                                   cCmdWrapDrawPicture
           ENTRY                   ADDRESS         REF BY
           =====                   =======         ======
           cCmdGetIMGData          0010054D 
               stack 1 = 00000000 ( 00000004 )
    -------------------------------------------------------------------------
CODE
  Relative segment, address: 00100560 - 00100573 (0x14 bytes), align: 2
  Segment part 41.            Intra module refs:   cCmdWrapDrawPicture
           ENTRY                   ADDRESS         REF BY
           =====                   =======         ======
           cCmdSetIMGData          00100561 
               stack 1 = 00000000 ( 00000004 )
    -------------------------------------------------------------------------
CODE
  Relative segment, address: 00100574 - 00100577 (0x4 bytes), align: 2
  Segment part 42.            Intra module refs:   cCmdGetIMGData
                                                   cCmdSetIMGData
    -------------------------------------------------------------------------
CODE
  Relative segment, address: 00100578 - 001005E7 (0x70 bytes), align: 2
  Segment part 44.            Intra module refs:   cCmdWrapDrawPicture
           ENTRY                   ADDRESS         REF BY
           =====                   =======         ======
           cCmdResolveValue        00100579 
               stack 1 = 00000000 ( 00000014 )
    -------------------------------------------------------------------------
CODE
  Relative segment, address: 001005E8 - 001005EB (0x4 bytes), align: 2
  Segment part 45.            Intra module refs:   cCmdResolveValue
    -------------------------------------------------------------------------
CODE
  Relative segment, address: 001005EC - 00100973 (0x388 bytes), align: 2
  Segment part 47.            Intra module refs:   Segment part 15
           ENTRY                   ADDRESS         REF BY
           =====                   =======         ======
           cCmdWrapDrawPicture     001005ED 
               stack 1 = 00000000 ( 00000068 )
    -------------------------------------------------------------------------
CODE
  Relative segment, address: 00100974 - 00100977 (0x4 bytes), align: 2
  Segment part 48.            Intra module refs:   cCmdWrapDrawPicture
    -------------------------------------------------------------------------
CODE
  Relative segment, address: 00100978 - 0010097B (0x4 bytes), align: 2
  Segment part 49.            Intra module refs:   cCmdWrapDrawPicture
    -------------------------------------------------------------------------
CODE
  Relative segment, address: 0010097C - 0010097F (0x4 bytes), align: 2
  Segment part 50.            Intra module refs:   cCmdWrapDrawPicture
    -------------------------------------------------------------------------
CODE
  Relative segment, address: 00100980 - 00100B7F (0x200 bytes), align: 2
  Segment part 52.            Intra module refs:   cCmdDrawCircle
                                                   cCmdDrawRect
                                                   cCmdWrapDrawLine
                                                   cCmdWrapDrawPicture
           ENTRY                   ADDRESS         REF BY
           =====                   =======         ======
           cCmdDrawLine            00100981 
               stack 1 = 00000000 ( 00000030 )
    -------------------------------------------------------------------------
CODE
  Relative segment, address: 00100B80 - 00100C63 (0xe4 bytes), align: 2
  Segment part 54.            Intra module refs:   cCmdWrapDrawPicture
                                                   cCmdWrapDrawRect
           ENTRY                   ADDRESS         REF BY
           =====                   =======         ======
           cCmdDrawRect            00100B81 
               stack 1 = 00000000 ( 0000001C )
    -------------------------------------------------------------------------
CODE
  Relative segment, address: 00100C64 - 00100C69 (0x6 bytes), align: 2
  Segment part 55.            Intra module refs:   cCmdCopyBitMapBits
                                                   cCmdDeQClump
                                                   cCmdDrawCircle
                                                   cCmdDrawLine
                                                   cCmdDrawRect
                                                   cCmdInit
           LOCAL                   ADDRESS         
           =====                   =======         
           ?Subroutine149          00100C65 
    -------------------------------------------------------------------------
CODE
  Relative segment, address: 00100C6C - 00100C6F (0x4 bytes), align: 2
  Segment part 56.            Intra module refs:   cCmdDrawLine
                                                   cCmdDrawRect
    -------------------------------------------------------------------------
CODE
  Relative segment, address: 00100C70 - 00100E2F (0x1c0 bytes), align: 2
  Segment part 58.            Intra module refs:   cCmdWrapDrawCircle
                                                   cCmdWrapDrawPicture
           ENTRY                   ADDRESS         REF BY
           =====                   =======         ======
           cCmdDrawCircle          00100C71 
               stack 1 = 00000000 ( 0000004C )
    -------------------------------------------------------------------------
CODE
  Relative segment, address: 00100E30 - 00100F67 (0x138 bytes), align: 2
  Segment part 60.            Intra module refs:   cCmdWrapDrawPicture
           ENTRY                   ADDRESS         REF BY
           =====                   =======         ======
           cCmdCopyBitMapBits      00100E31 
               stack 1 = 00000000 ( 0000003C )
    -------------------------------------------------------------------------
CODE
  Relative segment, address: 00100F68 - 00100FA9 (0x42 bytes), align: 2
  Segment part 62.            Intra module refs:   cCmdDrawCircle
                                                   cCmdWrapDrawPicture
                                                   cCmdWrapDrawPoint
           ENTRY                   ADDRESS         REF BY
           =====                   =======         ======
           cCmdSetPixel            00100F69 
               stack 1 = 00000000 ( 00000014 )
    -------------------------------------------------------------------------
CODE
  Relative segment, address: 00100FAC - 00100FE5 (0x3a bytes), align: 2
  Segment part 64.            Intra module refs:   Segment part 15
           ENTRY                   ADDRESS         REF BY
           =====                   =======         ======
           cCmdWrapSetScreenMode   00100FAD 
               stack 1 = 00000000 ( 00000014 )
    -------------------------------------------------------------------------
CODE
  Relative segment, address: 00100FE8 - 00101013 (0x2c bytes), align: 2
  Segment part 66.            Intra module refs:   cCmdClearScreenIfNeeded
                                                   cCmdWrapDisplayExecuteFunction
           ENTRY                   ADDRESS         REF BY
           =====                   =======         ======
           cDirtyDisplay           00100FE9 
               stack 1 = 00000000 ( 00000004 )
    -------------------------------------------------------------------------
CODE
  Relative segment, address: 00101014 - 00101069 (0x56 bytes), align: 2
  Segment part 68.            Intra module refs:   Segment part 15
           ENTRY                   ADDRESS         REF BY
           =====                   =======         ======
           cCmdWrapDisplayExecuteFunction
                                   00101015 
               stack 1 = 00000000 ( 00000014 )
    -------------------------------------------------------------------------
CODE
  Relative segment, address: 0010106C - 001010AB (0x40 bytes), align: 2
  Segment part 70.            Intra module refs:   cCmdWrapDrawCircle
                                                   cCmdWrapDrawLine
                                                   cCmdWrapDrawPicture
                                                   cCmdWrapDrawPoint
                                                   cCmdWrapDrawRect
                                                   cCmdWrapDrawText
           ENTRY                   ADDRESS         REF BY
           =====                   =======         ======
           cCmdClearScreenIfNeeded
                                   0010106D 
               stack 1 = 00000000 ( 00000018 )
    -------------------------------------------------------------------------
CODE
  Relative segment, address: 001010AC - 001010AF (0x4 bytes), align: 2
  Segment part 71.            Intra module refs:   cCmdClearScreenIfNeeded
    -------------------------------------------------------------------------
CODE
  Relative segment, address: 001010B0 - 00101161 (0xb2 bytes), align: 2
  Segment part 73.            Intra module refs:   cCmdWrapDrawPicture
                                                   cCmdWrapDrawText
           ENTRY                   ADDRESS         REF BY
           =====                   =======         ======
           cCmdDrawString          001010B1 
               stack 1 = 00000000 ( 00000024 )
    -------------------------------------------------------------------------
CODE
  Relative segment, address: 00101164 - 00101167 (0x4 bytes), align: 2
  Segment part 74.            Intra module refs:   cCmdCopyBitMapBits
                                                   cCmdDrawString
                                                   cCmdSetPixel
                                                   cCmdWrapDisplayExecuteFunction
                                                   cCmdWrapSetScreenMode
                                                   cDirtyDisplay
    -------------------------------------------------------------------------
CODE_I
  Relative segment, address: 0000B73C - 0000B79F (0x64 bytes), align: 2
  Segment part 480.           Intra module refs:   cCmdCtrl
                                                   cCmdWrapSetScreenMode
           ENTRY                   ADDRESS         REF BY
           =====                   =======         ======
           cCmdRestoreDefaultScreen
                                   0000B73D 
               stack 1 = 00000000 ( 00000014 )
    -------------------------------------------------------------------------
CODE_I
  Relative segment, address: 0000B7A0 - 0000B7A1 (0x2 bytes), align: 2
  Segment part 481.           Intra module refs:   cCmdRestoreDefaultScreen
           ENTRY                   ADDRESS         REF BY
           =====                   =======         ======
           ??rT_BX_R5?CODE_I       0000B7A1 
    -------------------------------------------------------------------------
CODE
  Relative segment, address: 00101168 - 001011B3 (0x4c bytes), align: 2
  Segment part 76.            Intra module refs:   cCmdWrapDrawCircle
                                                   cCmdWrapDrawLine
                                                   cCmdWrapDrawPicture
                                                   cCmdWrapDrawPoint
                                                   cCmdWrapDrawRect
           ENTRY                   ADDRESS         REF BY
           =====                   =======         ======
           cCmdResolveDrawingMode
                                   00101169 
               stack 1 = 00000000 ( 00000010 )
    -------------------------------------------------------------------------
CODE
  Relative segment, address: 001011B4 - 001011F3 (0x40 bytes), align: 2
  Segment part 78.            Intra module refs:   cCmdWrapDrawPicture
                                                   cCmdWrapDrawText
           ENTRY                   ADDRESS         REF BY
           =====                   =======         ======
           cCmdResolveBitmapMode   001011B5 
               stack 1 = 00000000 ( 00000010 )
    -------------------------------------------------------------------------
CODE
  Relative segment, address: 001011F4 - 00101201 (0xe bytes), align: 2
  Segment part 80.            Intra module refs:   cCmdClearScreenIfNeeded
           ENTRY                   ADDRESS         REF BY
           =====                   =======         ======
           cCmdResolveClearScreenMode
                                   001011F5 
               stack 1 = 00000000 ( 00000004 )
    -------------------------------------------------------------------------
DATA_Z
  Relative segment, address: 00008A0C - 00008A6B (0x60 bytes), align: 2
  Segment part 22.            Intra module refs:   Segment part 21
                                                   cCmdInit
           ENTRY                   ADDRESS         REF BY
           =====                   =======         ======
           IO_PTRS_IN              00008A0C 
    -------------------------------------------------------------------------
DATA_Z
  Relative segment, address: 00008A6C - 00008B1F (0xb4 bytes), align: 2
  Segment part 23.            Intra module refs:   Segment part 21
                                                   cCmdInit
           ENTRY                   ADDRESS         REF BY
           =====                   =======         ======
           IO_PTRS_OUT             00008A6C 
    -------------------------------------------------------------------------
CODE
  Relative segment, address: 00101204 - 001018DF (0x6dc bytes), align: 2
  Segment part 82.            Intra module refs:   cCmdInit
           ENTRY                   ADDRESS         REF BY
           =====                   =======         ======
           cCmdHandleRemoteCommands
                                   00101205 
               stack 1 = 00000000 ( 00000030 )
    -------------------------------------------------------------------------
CODE
  Relative segment, address: 001018E0 - 001018E3 (0x4 bytes), align: 2
  Segment part 83.            Intra module refs:   cCmdHandleRemoteCommands
    -------------------------------------------------------------------------
CODE
  Relative segment, address: 001018E4 - 00101A53 (0x170 bytes), align: 2
  Segment part 85.            Intra module refs:   cCmd
           ENTRY                   ADDRESS         REF BY
           =====                   =======         ======
           cCmdInit                001018E5 
               stack 1 = 00000000 ( 00000014 )
    -------------------------------------------------------------------------
CODE
  Relative segment, address: 00101A54 - 00101A57 (0x4 bytes), align: 2
  Segment part 86.            Intra module refs:   cCmdInit
    -------------------------------------------------------------------------
CODE
  Relative segment, address: 00101A58 - 00101A5B (0x4 bytes), align: 2
  Segment part 87.            Intra module refs:   cCmdInit
    -------------------------------------------------------------------------
CODE
  Relative segment, address: 00101A5C - 00101A5F (0x4 bytes), align: 2
  Segment part 88.            Intra module refs:   cCmdInit
    -------------------------------------------------------------------------
CODE
  Relative segment, address: 00101A60 - 00101A63 (0x4 bytes), align: 2
  Segment part 89.            Intra module refs:   cCmdInit
    -------------------------------------------------------------------------
CODE
  Relative segment, address: 00101A64 - 00101A67 (0x4 bytes), align: 2
  Segment part 90.            Intra module refs:   cCmdInit
    -------------------------------------------------------------------------
CODE
  Relative segment, address: 00101A68 - 00101A6B (0x4 bytes), align: 2
  Segment part 91.            Intra module refs:   cCmdInit
    -------------------------------------------------------------------------
CODE
  Relative segment, address: 00101A6C - 00101C4F (0x1e4 bytes), align: 2
  Segment part 93.            Intra module refs:   cCmd
           ENTRY                   ADDRESS         REF BY
           =====                   =======         ======
           cCmdCtrl                00101A6D 
               stack 1 = 00000000 ( 00000020 )
    -------------------------------------------------------------------------
CODE
  Relative segment, address: 00101C50 - 00101C53 (0x4 bytes), align: 2
  Segment part 94.            Intra module refs:   cCmdCtrl
    -------------------------------------------------------------------------
CODE
  Relative segment, address: 00101C54 - 00101C57 (0x4 bytes), align: 2
  Segment part 95.            Intra module refs:   cCmdCtrl
    -------------------------------------------------------------------------
CODE
  Relative segment, address: 00101C58 - 00101C5B (0x4 bytes), align: 2
  Segment part 96.            Intra module refs:   cCmdCtrl
                                                   cCmdInit
    -------------------------------------------------------------------------
CODE
  Relative segment, address: 00101C5C - 00101C5F (0x4 bytes), align: 2
  Segment part 97.            Intra module refs:   cCmdCtrl
    -------------------------------------------------------------------------
CODE
  Relative segment, address: 00101C60 - 00101C63 (0x4 bytes), align: 2
  Segment part 98.            Intra module refs:   cCmdCtrl
    -------------------------------------------------------------------------
CODE
  Relative segment, address: 00101C64 - 00101C6D (0xa bytes), align: 2
  Segment part 100.           Intra module refs:   cCmd
           ENTRY                   ADDRESS         REF BY
           =====                   =======         ======
           cCmdExit                00101C65 
               stack 1 = 00000000 ( 00000004 )
    -------------------------------------------------------------------------
CODE
  Relative segment, address: 00101C70 - 00101DF3 (0x184 bytes), align: 2
  Segment part 102.           Intra module refs:   cCmdActivateProgram
           ENTRY                   ADDRESS         REF BY
           =====                   =======         ======
           cCmdReadFileHeader      00101C71 
               stack 1 = 00000000 ( 0000001C )
    -------------------------------------------------------------------------
CODE
  Relative segment, address: 00101DF4 - 00101DF7 (0x4 bytes), align: 2
  Segment part 103.           Intra module refs:   cCmdReadFileHeader
    -------------------------------------------------------------------------
CODE
  Relative segment, address: 00101DF8 - 00101DFB (0x4 bytes), align: 2
  Segment part 104.           Intra module refs:   cCmdReadFileHeader
    -------------------------------------------------------------------------
CODE
  Relative segment, address: 00101DFC - 00101DFF (0x4 bytes), align: 2
  Segment part 105.           Intra module refs:   cCmdReadFileHeader
    -------------------------------------------------------------------------
CODE
  Relative segment, address: 00101E00 - 00101EB1 (0xb2 bytes), align: 2
  Segment part 107.           Intra module refs:   cCmdActivateProgram
           ENTRY                   ADDRESS         REF BY
           =====                   =======         ======
           cCmdInflateDSDefaults   00101E01 
               stack 1 = 00000000 ( 0000001C )
    -------------------------------------------------------------------------
CODE
  Relative segment, address: 00101EB4 - 00101EB7 (0x4 bytes), align: 2
  Segment part 108.           Intra module refs:   cCmdInflateDSDefaults
    -------------------------------------------------------------------------
CODE
  Relative segment, address: 00101EB8 - 00101EBB (0x4 bytes), align: 2
  Segment part 109.           Intra module refs:   cCmdInflateDSDefaults
    -------------------------------------------------------------------------
CODE
  Relative segment, address: 00101EBC - 001020D7 (0x21c bytes), align: 2
  Segment part 111.           Intra module refs:   cCmdCtrl
           ENTRY                   ADDRESS         REF BY
           =====                   =======         ======
           cCmdActivateProgram     00101EBD 
               stack 1 = 00000000 ( 00000048 )
    -------------------------------------------------------------------------
CODE
  Relative segment, address: 001020D8 - 00102183 (0xac bytes), align: 2
  Segment part 113.           Intra module refs:   cCmdActivateProgram
                                                   cCmdCtrl
                                                   cCmdInit
           ENTRY                   ADDRESS         REF BY
           =====                   =======         ======
           cCmdDeactivateProgram   001020D9 
               stack 1 = 00000000 ( 00000018 )
    -------------------------------------------------------------------------
CODE
  Relative segment, address: 00102184 - 00102189 (0x6 bytes), align: 2
  Segment part 114.           Intra module refs:   cCmdCtrl
                                                   cCmdDeactivateProgram
           LOCAL                   ADDRESS         
           =====                   =======         
           ?Subroutine153          00102185 
    -------------------------------------------------------------------------
CODE
  Relative segment, address: 0010218C - 0010218F (0x4 bytes), align: 2
  Segment part 115.           Intra module refs:   cCmdActivateProgram
                                                   cCmdDeactivateProgram
    -------------------------------------------------------------------------
CODE
  Relative segment, address: 00102190 - 00102193 (0x4 bytes), align: 2
  Segment part 116.           Intra module refs:   cCmdActivateProgram
                                                   cCmdDeactivateProgram
    -------------------------------------------------------------------------
CODE
  Relative segment, address: 00102194 - 00102197 (0x4 bytes), align: 2
  Segment part 117.           Intra module refs:   cCmdActivateProgram
                                                   cCmdDeactivateProgram
    -------------------------------------------------------------------------
CODE
  Relative segment, address: 00102198 - 001022C9 (0x132 bytes), align: 2
  Segment part 119.           Intra module refs:   cCmdCtrl
           ENTRY                   ADDRESS         REF BY
           =====                   =======         ======
           cCmdResetDevices        00102199 
               stack 1 = 00000000 ( 00000010 )
    -------------------------------------------------------------------------
CODE
  Relative segment, address: 001022CC - 001022CF (0x4 bytes), align: 2
  Segment part 120.           Intra module refs:   cCmdResetDevices
    -------------------------------------------------------------------------
CODE
  Relative segment, address: 001022D0 - 001022F7 (0x28 bytes), align: 2
  Segment part 122.           Intra module refs:   cCmdAcquireMutex
                                                   cCmdActivateProgram
                                                   cCmdInterpUnop1
                                                   cCmdInterpUnop2
                                                   cCmdReleaseMutex
                                                   cCmdSchedDependent
                                                   cCmdSchedDependents
           ENTRY                   ADDRESS         REF BY
           =====                   =======         ======
           cCmdEnQClump            001022D1 
               stack 1 = 00000000 ( 00000008 )
    -------------------------------------------------------------------------
CODE
  Relative segment, address: 001022F8 - 00102345 (0x4e bytes), align: 2
  Segment part 124.           Intra module refs:   cCmdAcquireMutex
                                                   cCmdInterpUnop1
                                                   cCmdInterpUnop2
                                                   cCmdReleaseMutex
           ENTRY                   ADDRESS         REF BY
           =====                   =======         ======
           cCmdDeQClump            001022F9 
               stack 1 = 00000000 ( 00000014 )
    -------------------------------------------------------------------------
CODE
  Relative segment, address: 00102348 - 00102373 (0x2c bytes), align: 2
  Segment part 126.           Intra module refs:   cCmdCtrl
           ENTRY                   ADDRESS         REF BY
           =====                   =======         ======
           cCmdRotateQ             00102349 
               stack 1 = 00000000 ( 00000008 )
    -------------------------------------------------------------------------
CODE
  Relative segment, address: 00102374 - 00102379 (0x6 bytes), align: 2
  Segment part 127.           Intra module refs:   cCmdEnQClump
                                                   cCmdRotateQ
           LOCAL                   ADDRESS         
           =====                   =======         
           ?Subroutine155          00102375 
    -------------------------------------------------------------------------
CODE
  Relative segment, address: 0010237C - 0010237F (0x4 bytes), align: 2
  Segment part 130.           Intra module refs:   cCmdDeQClump
                                                   cCmdEnQClump
                                                   cCmdRotateQ
    -------------------------------------------------------------------------
CODE
  Relative segment, address: 00102380 - 001023A7 (0x28 bytes), align: 2
  Segment part 135.           Intra module refs:   cCmdInterpUnop1
           ENTRY                   ADDRESS         REF BY
           =====                   =======         ======
           cCmdAcquireMutex        00102381 
               stack 1 = 00000000 ( 0000000C )
    -------------------------------------------------------------------------
CODE
  Relative segment, address: 001023A8 - 001023DF (0x38 bytes), align: 2
  Segment part 137.           Intra module refs:   cCmdInterpUnop1
           ENTRY                   ADDRESS         REF BY
           =====                   =======         ======
           cCmdReleaseAllMutexes   001023A9 
               stack 1 = 00000000 ( 00000010 )
    -------------------------------------------------------------------------
CODE
  Relative segment, address: 001023E0 - 001023E3 (0x4 bytes), align: 2
  Segment part 138.           Intra module refs:   cCmdReleaseAllMutexes
    -------------------------------------------------------------------------
CODE
  Relative segment, address: 001023E4 - 001023FF (0x1c bytes), align: 2
  Segment part 140.           Intra module refs:   cCmdInterpUnop1
                                                   cCmdReleaseAllMutexes
           ENTRY                   ADDRESS         REF BY
           =====                   =======         ======
           cCmdReleaseMutex        001023E5 
               stack 1 = 00000000 ( 00000008 )
    -------------------------------------------------------------------------
CODE
  Relative segment, address: 00102400 - 00102403 (0x4 bytes), align: 2
  Segment part 141.           Intra module refs:   cCmdAcquireMutex
                                                   cCmdReleaseMutex
    -------------------------------------------------------------------------
CODE
  Relative segment, address: 00102404 - 00102455 (0x52 bytes), align: 2
  Segment part 143.           Intra module refs:   cCmdInterpUnop2
           ENTRY                   ADDRESS         REF BY
           =====                   =======         ======
           cCmdSchedDependents     00102405 
               stack 1 = 00000000 ( 00000014 )
    -------------------------------------------------------------------------
CODE
  Relative segment, address: 00102458 - 0010247B (0x24 bytes), align: 2
  Segment part 145.           Intra module refs:   cCmdInterpUnop1
           ENTRY                   ADDRESS         REF BY
           =====                   =======         ======
           cCmdSchedDependent      00102459 
               stack 1 = 00000000 ( 00000008 )
    -------------------------------------------------------------------------
CODE
  Relative segment, address: 0010247C - 00102483 (0x8 bytes), align: 2
  Segment part 146.           Intra module refs:   cCmdReleaseMutex
                                                   cCmdSchedDependent
                                                   cCmdWrapCommBTCheckStatus
                                                   cCmdWrapSoundPlayTone
           LOCAL                   ADDRESS         
           =====                   =======         
           ?Subroutine157          0010247D 
    -------------------------------------------------------------------------
CODE
  Relative segment, address: 00102484 - 0010249B (0x18 bytes), align: 2
  Segment part 148.           Intra module refs:   cCmdCtrl
                                                   cCmdInterpFromClump
           ENTRY                   ADDRESS         REF BY
           =====                   =======         ======
           cCmdIsClumpIDSane       00102485 
               stack 1 = 00000000 ( 00000004 )
    -------------------------------------------------------------------------
CODE
  Relative segment, address: 0010249C - 001024BB (0x20 bytes), align: 2
  Segment part 150.           Intra module refs:   cCmdActivateProgram
                                                   cCmdInit
           ENTRY                   ADDRESS         REF BY
           =====                   =======         ======
           cCmdInitPool            0010249D 
               stack 1 = 00000000 ( 0000000C )
    -------------------------------------------------------------------------
CODE
  Relative segment, address: 001024BC - 001024CB (0x10 bytes), align: 2
  Segment part 151.           Intra module refs:   cCmdInitPool
                                                   cCmdSetPixel
           LOCAL                   ADDRESS         
           =====                   =======         
           ?Subroutine150          001024BD 
    -------------------------------------------------------------------------
CODE
  Relative segment, address: 001024CC - 00102563 (0x98 bytes), align: 2
  Segment part 153.           Intra module refs:   cCmdInterpBinop
                                                   cCmdInterpOther
                                                   cCmdInterpPolyBinop
                                                   cCmdInterpPolyUnop2
                                                   cCmdInterpUnop2
           ENTRY                   ADDRESS         REF BY
           =====                   =======         ======
           cCmdDSArrayAlloc        001024CD 
               stack 1 = 00000000 ( 00000018 )
    -------------------------------------------------------------------------
CODE
  Relative segment, address: 00102564 - 00102649 (0xe6 bytes), align: 2
  Segment part 155.           Intra module refs:   cCmdDSArrayAlloc
                                                   cCmdMessageWrite
                                                   cCmdWrapCommHSRead
                                                   cCmdWrapCommLSRead
                                                   cCmdWrapFileFindFirst
                                                   cCmdWrapFileFindNext
                                                   cCmdWrapFileRead
                                                   cCmdWrapIOMapRead
                                                   cCmdWrapIOMapReadByID
                                                   cCmdWrapMessageRead
           ENTRY                   ADDRESS         REF BY
           =====                   =======         ======
           cCmdDVArrayAlloc        00102565 
               stack 1 = 00000000 ( 0000001C )
    -------------------------------------------------------------------------
CODE
  Relative segment, address: 0010264C - 0010264F (0x4 bytes), align: 2
  Segment part 156.           Intra module refs:   cCmdDVArrayAlloc
                                                   cCmdInitPool
                                                   cCmdSchedDependent
                                                   cCmdSchedDependents
    -------------------------------------------------------------------------
CODE
  Relative segment, address: 00102650 - 001026C7 (0x78 bytes), align: 2
  Segment part 158.           Intra module refs:   cCmdDSArrayAlloc
           ENTRY                   ADDRESS         REF BY
           =====                   =======         ======
           cCmdAllocSubArrayDopeVectors
                                   00102651 
               stack 1 = 00000000 ( 00000020 )
    -------------------------------------------------------------------------
CODE
  Relative segment, address: 001026C8 - 001026D7 (0x10 bytes), align: 2
  Segment part 159.           Intra module refs:   cCmdAllocSubArrayDopeVectors
                                                   cCmdDSCompact
                                                   cCmdFreeSubArrayDopeVectors
                                                   cCmdWrapMessageRead
           LOCAL                   ADDRESS         
           =====                   =======         
           ?Subroutine158          001026C9 
    -------------------------------------------------------------------------
CODE
  Relative segment, address: 001026D8 - 0010276F (0x98 bytes), align: 2
  Segment part 161.           Intra module refs:   cCmdDSArrayAlloc
           ENTRY                   ADDRESS         REF BY
           =====                   =======         ======
           cCmdFreeSubArrayDopeVectors
                                   001026D9 
               stack 1 = 00000000 ( 00000020 )
    -------------------------------------------------------------------------
CODE
  Relative segment, address: 00102770 - 00102773 (0x4 bytes), align: 2
  Segment part 162.           Intra module refs:   cCmdDSArrayAlloc
                                                   cCmdFreeSubArrayDopeVectors
    -------------------------------------------------------------------------
CODE
  Relative segment, address: 00102774 - 001027D5 (0x62 bytes), align: 2
  Segment part 164.           Intra module refs:   cCmdAllocSubArrayDopeVectors
                                                   cCmdMessageWrite
           ENTRY                   ADDRESS         REF BY
           =====                   =======         ======
           cCmdAllocDopeVector     00102775 
               stack 1 = 00000000 ( 00000018 )
    -------------------------------------------------------------------------
CODE
  Relative segment, address: 001027D8 - 00102827 (0x50 bytes), align: 2
  Segment part 166.           Intra module refs:   cCmdFreeSubArrayDopeVectors
                                                   cCmdMessageRead
                                                   cCmdMessageWrite
           ENTRY                   ADDRESS         REF BY
           =====                   =======         ======
           cCmdFreeDopeVector      001027D9 
               stack 1 = 00000000 ( 00000014 )
    -------------------------------------------------------------------------
CODE
  Relative segment, address: 00102828 - 0010282B (0x4 bytes), align: 2
  Segment part 167.           Intra module refs:   cCmdAllocDopeVector
                                                   cCmdDVArrayAlloc
                                                   cCmdFreeDopeVector
    -------------------------------------------------------------------------
CODE
  Relative segment, address: 0010282C - 001028ED (0xc2 bytes), align: 2
  Segment part 169.           Intra module refs:   cCmdAllocDopeVector
           ENTRY                   ADDRESS         REF BY
           =====                   =======         ======
           cCmdGrowDopeVectorArray
                                   0010282D 
               stack 1 = 00000000 ( 00000018 )
    -------------------------------------------------------------------------
CODE
  Relative segment, address: 001028F0 - 00102977 (0x88 bytes), align: 2
  Segment part 173.           Intra module refs:   cCmdAllocSubArrayDopeVectors
           ENTRY                   ADDRESS         REF BY
           =====                   =======         ======
           cCmdCalcArrayElemSize   001028F1 
               stack 1 = 00000000 ( 0000001C )
    -------------------------------------------------------------------------
CODE
  Relative segment, address: 00102978 - 0010297F (0x8 bytes), align: 2
  Segment part 174.           Intra module refs:   cCmdCalcArrayElemSize
                                                   cCmdDVArrayAlloc
                                                   cCmdInflateDSDefaults
                                                   cCmdInterpFromClump
                                                   cCmdInterpUnop1
                                                   cCmdLSWrite
                                                   cCmdReadFileHeader
                                                   cCmdUnop2
           LOCAL                   ADDRESS         
           =====                   =======         
           ?Subroutine154          00102979 
    -------------------------------------------------------------------------
CODE
  Relative segment, address: 00102980 - 001029C9 (0x4a bytes), align: 2
  Segment part 176.           Intra module refs:   cCmdDVArrayAlloc
                                                   cCmdGrowDopeVectorArray
           ENTRY                   ADDRESS         REF BY
           =====                   =======         ======
           cCmdMemMgrMoveToTail    00102981 
               stack 1 = 00000000 ( 00000014 )
    -------------------------------------------------------------------------
CODE
  Relative segment, address: 001029CC - 001029ED (0x22 bytes), align: 2
  Segment part 178.           Intra module refs:   cCmdAllocDopeVector
           ENTRY                   ADDRESS         REF BY
           =====                   =======         ======
           cCmdMemMgrInsertAtTail
                                   001029CD 
               stack 1 = 00000000 ( 00000004 )
    -------------------------------------------------------------------------
CODE
  Relative segment, address: 001029F0 - 001029F3 (0x4 bytes), align: 2
  Segment part 179.           Intra module refs:   cCmdAllocDopeVector
                                                   cCmdFreeDopeVector
                                                   cCmdMemMgrInsertAtTail
                                                   cCmdMemMgrMoveToTail
    -------------------------------------------------------------------------
CODE
  Relative segment, address: 001029F4 - 00102A5B (0x68 bytes), align: 2
  Segment part 181.           Intra module refs:   cCmdActivateProgram
           ENTRY                   ADDRESS         REF BY
           =====                   =======         ======
           cCmdVerifyMemMgr        001029F5 
               stack 1 = 00000000 ( 00000014 )
    -------------------------------------------------------------------------
CODE
  Relative segment, address: 00102A5C - 00102B25 (0xca bytes), align: 2
  Segment part 183.           Intra module refs:   cCmdHandleRemoteCommands
                                                   cCmdInterpFromClump
           ENTRY                   ADDRESS         REF BY
           =====                   =======         ======
           cCmdDSCompact           00102A5D 
               stack 1 = 00000000 ( 00000020 )
    -------------------------------------------------------------------------
CODE
  Relative segment, address: 00102B28 - 00102B2B (0x4 bytes), align: 2
  Segment part 184.           Intra module refs:   cCmdDSCompact
                                                   cCmdGrowDopeVectorArray
                                                   cCmdVerifyMemMgr
    -------------------------------------------------------------------------
CODE
  Relative segment, address: 00102B2C - 00102B2F (0x4 bytes), align: 2
  Segment part 185.           Intra module refs:   cCmdDSCompact
                                                   cCmdGrowDopeVectorArray
    -------------------------------------------------------------------------
CODE
  Relative segment, address: 00102B30 - 00102B33 (0x4 bytes), align: 2
  Segment part 186.           Intra module refs:   cCmdDSCompact
                                                   cCmdGrowDopeVectorArray
                                                   cCmdMemMgrInsertAtTail
                                                   cCmdMemMgrMoveToTail
                                                   cCmdVerifyMemMgr
    -------------------------------------------------------------------------
CODE
  Relative segment, address: 00102B34 - 00102C17 (0xe4 bytes), align: 2
  Segment part 188.           Intra module refs:   cCmdHandleRemoteCommands
                                                   cCmdWrapMessageWrite
           ENTRY                   ADDRESS         REF BY
           =====                   =======         ======
           cCmdMessageWrite        00102B35 
               stack 1 = 00000000 ( 00000018 )
    -------------------------------------------------------------------------
CODE
  Relative segment, address: 00102C18 - 00102C7B (0x64 bytes), align: 2
  Segment part 190.           Intra module refs:   cCmdHandleRemoteCommands
                                                   cCmdWrapMessageRead
           ENTRY                   ADDRESS         REF BY
           =====                   =======         ======
           cCmdMessageGetSize      00102C19 
               stack 1 = 00000000 ( 0000000C )
    -------------------------------------------------------------------------
CODE
  Relative segment, address: 00102C7C - 00102D2F (0xb4 bytes), align: 2
  Segment part 192.           Intra module refs:   cCmdHandleRemoteCommands
                                                   cCmdWrapMessageRead
           ENTRY                   ADDRESS         REF BY
           =====                   =======         ======
           cCmdMessageRead         00102C7D 
               stack 1 = 00000000 ( 00000024 )
    -------------------------------------------------------------------------
CODE
  Relative segment, address: 00102D30 - 00102D33 (0x4 bytes), align: 2
  Segment part 193.           Intra module refs:   cCmdMessageGetSize
                                                   cCmdMessageRead
                                                   cCmdMessageWrite
    -------------------------------------------------------------------------
CODE
  Relative segment, address: 00102D34 - 00102D37 (0x4 bytes), align: 2
  Segment part 194.           Intra module refs:   cCmdMessageRead
                                                   cCmdMessageWrite
    -------------------------------------------------------------------------
CODE
  Relative segment, address: 00102D38 - 00102D49 (0x12 bytes), align: 2
  Segment part 196.           Intra module refs:   cCmdNextDSElement
           ENTRY                   ADDRESS         REF BY
           =====                   =======         ======
           cCmdIsDSElementIDSane   00102D39 
               stack 1 = 00000000 ( 00000004 )
    -------------------------------------------------------------------------
CODE
  Relative segment, address: 00102D4C - 00102D4F (0x4 bytes), align: 2
  Segment part 197.           Intra module refs:   cCmdIsDSElementIDSane
    -------------------------------------------------------------------------
CODE
  Relative segment, address: 00102D50 - 00102D59 (0xa bytes), align: 2
  Segment part 199.           Intra module refs:   cCmdAllocSubArrayDopeVectors
                                                   cCmdArrayDimensions
                                                   cCmdCalcArrayElemSize
                                                   cCmdCalcFlattenedSize
                                                   cCmdCompareDSType
                                                   cCmdDSPtr
                                                   cCmdExecuteSetOut
                                                   cCmdFlattenToByteArray
                                                   cCmdFreeSubArrayDopeVectors
                                                   cCmdInflateDSDefaults
                                                   cCmdInterpBinop
                                                   cCmdInterpOther
                                                   cCmdInterpPolyBinop
                                                   cCmdInterpPolyUnop2
                                                   cCmdInterpUnop2
                                                   cCmdNextDSElement
                                                   cCmdRecursiveCompareAggregates
                                                   cCmdUnflattenFromByteArray
           ENTRY                   ADDRESS         REF BY
           =====                   =======         ======
           cCmdDSType              00102D51 
    -------------------------------------------------------------------------
CODE
  Relative segment, address: 00102D5C - 00102DB5 (0x5a bytes), align: 2
  Segment part 201.           Intra module refs:   cCmdExecuteSetOut
                                                   cCmdFlattenToByteArray
                                                   cCmdInflateDSDefaults
                                                   cCmdInterpBinop
                                                   cCmdInterpOther
                                                   cCmdInterpPolyBinop
                                                   cCmdInterpPolyUnop2
                                                   cCmdInterpUnop1
                                                   cCmdInterpUnop2
                                                   cCmdRecursiveCompareAggregates
                                                   cCmdUnflattenFromByteArray
           ENTRY                   ADDRESS         REF BY
           =====                   =======         ======
           cCmdResolveDataArg      00102D5D 
               stack 1 = 00000000 ( 0000000C )
    -------------------------------------------------------------------------
CODE
  Relative segment, address: 00102DB8 - 00102DBB (0x4 bytes), align: 2
  Segment part 202.           Intra module refs:   cCmdDSType
                                                   cCmdResolveDataArg
    -------------------------------------------------------------------------
CODE
  Relative segment, address: 00102DBC - 00102DBF (0x4 bytes), align: 2
  Segment part 203.           Intra module refs:   cCmdResolveDataArg
    -------------------------------------------------------------------------
CODE
  Relative segment, address: 00102DC0 - 00102DE3 (0x24 bytes), align: 2
  Segment part 205.           Intra module refs:   cCmdExecuteSetOut
                                                   cCmdInterpBinop
                                                   cCmdInterpOther
                                                   cCmdInterpPolyBinop
                                                   cCmdInterpPolyUnop2
                                                   cCmdInterpUnop1
                                                   cCmdInterpUnop2
           ENTRY                   ADDRESS         REF BY
           =====                   =======         ======
           cCmdSetVal              00102DC1 
               stack 1 = 00000000 ( 00000004 )
    -------------------------------------------------------------------------
CODE
  Relative segment, address: 00102DE4 - 00102E17 (0x34 bytes), align: 2
  Segment part 207.           Intra module refs:   cCmdExecuteSetOut
                                                   cCmdInterpBinop
                                                   cCmdInterpOther
                                                   cCmdInterpPolyBinop
                                                   cCmdInterpPolyUnop2
                                                   cCmdInterpUnop1
                                                   cCmdInterpUnop2
                                                   cCmdRecursiveCompareAggregates
           ENTRY                   ADDRESS         REF BY
           =====                   =======         ======
           cCmdGetVal              00102DE5 
               stack 1 = 00000000 ( 00000004 )
    -------------------------------------------------------------------------
CODE
  Relative segment, address: 00102E18 - 00102E43 (0x2c bytes), align: 2
  Segment part 209.           Intra module refs:   cCmdCalcArrayElemSize
                                                   cCmdCalcFlattenedSize
                                                   cCmdFlattenToByteArray
                                                   cCmdInflateDSDefaults
                                                   cCmdInterpOther
                                                   cCmdInterpUnop2
                                                   cCmdUnflattenFromByteArray
           ENTRY                   ADDRESS         REF BY
           =====                   =======         ======
           cCmdSizeOf              00102E19 
               stack 1 = 00000000 ( 00000004 )
    -------------------------------------------------------------------------
CODE
  Relative segment, address: 00102E44 - 00102E9D (0x5a bytes), align: 2
  Segment part 211.           Intra module refs:   cCmdInterpUnop1
                                                   cCmdInterpUnop2
                                                   cCmdReleaseAllMutexes
                                                   cCmdResolveDataArg
           ENTRY                   ADDRESS         REF BY
           =====                   =======         ======
           cCmdDSPtr               00102E45 
               stack 1 = 00000000 ( 0000000C )
    -------------------------------------------------------------------------
CODE
  Relative segment, address: 00102EA0 - 00102EAF (0x10 bytes), align: 2
  Segment part 213.           Intra module refs:   cCmdMessageRead
                                                   cCmdMessageWrite
                                                   cCmdWrapCommBTWrite
                                                   cCmdWrapCommExecuteFunction
                                                   cCmdWrapCommHSRead
                                                   cCmdWrapCommHSWrite
                                                   cCmdWrapCommLSRead
                                                   cCmdWrapCommLSWrite
                                                   cCmdWrapDrawPicture
[...]
  Segment part 0.
           ENTRY                   ADDRESS         REF BY
           =====                   =======         ======
           ?GetDenormalX           00117740        Segment part 1 (?D_DivDouble)
                                                   Segment part 1 (?D_MulFloat)
           ?GetDenormalY           00117770        Segment part 1 (?D_DivDouble)
                                                   Segment part 1 (?D_MulFloat)

    -------------------------------------------------------------------------
  LIBRARY MODULE, NAME : ?doubleSoftLIb

  SEGMENTS IN THE MODULE
  ======================
CODE
  Relative segment, address: 001177A0 - 001177B7 (0x18 bytes), align: 2
  Segment part 1.
           ENTRY                   ADDRESS         REF BY
           =====                   =======         ======
           __aeabi_ui2d            001177A0 
           __ulongToDouble         001177A0        __ulongToDouble::??rT (c_ui)
                                                   cCmdBinop (c_cmd)
                                                   cCmdInterpOther (c_cmd)
                                                   cCmdUnop2 (c_cmd)
                                                   cUiUpdateStatus (c_ui)
                                                   shell_sort_s1 (c_cmd)
                                                   shell_sort_s2 (c_cmd)
                                                   shell_sort_s4 (c_cmd)
                                                   shell_sort_u1 (c_cmd)
                                                   shell_sort_u2 (c_cmd)
                                                   shell_sort_u4 (c_cmd)
           __ulongToDouble::??rA   001177A0 

    -------------------------------------------------------------------------
  LIBRARY MODULE, NAME : ?D_LONG2DOUBLE

  SEGMENTS IN THE MODULE
  ======================
CODE
  Relative segment, address: 001177B8 - 00117813 (0x5c bytes), align: 2
  Segment part 1.
           ENTRY                   ADDRESS         REF BY
           =====                   =======         ======
           __aeabi_i2d             001177B8 
           __longToDouble          001177B8        _Exp (?xexp)
                                                   _Log (?xlog)
                                                   _Sin (?xsin)
                                                   __longToDouble::??rT (?xsin)
                                                   cCmdBinop (c_cmd)
                                                   cCmdInterpOther (c_cmd)
                                                   cUiPrintSensorInDisplayBuffer (c_ui)
                                                   pow (?pow)
                                                   tan (?tan)
           __longToDouble::??rA    001177B8 
           __longToDubleStart      001177D4        Segment part 1 (?doubleSoftLIb)

    -------------------------------------------------------------------------
  LIBRARY MODULE, NAME : ?D_DOUBLE2ULONG

  SEGMENTS IN THE MODULE
  ======================
CODE
  Relative segment, address: 00117814 - 0011784F (0x3c bytes), align: 2
  Segment part 1.
           ENTRY                   ADDRESS         REF BY
           =====                   =======         ======
           __aeabi_d2uiz           00117814 
           __doubleToUlong         00117814        __doubleToUlong::??rT (c_cmd)
                                                   cCmdBinop (c_cmd)
                                                   cCmdInterpOther (c_cmd)
                                                   cCmdUnop2 (c_cmd)
           __doubleToUlong::??rA   00117814 

    -------------------------------------------------------------------------
  LIBRARY MODULE, NAME : ?D_DOUBLE2LONG

  SEGMENTS IN THE MODULE
  ======================
CODE
  Relative segment, address: 00117850 - 001178AF (0x60 bytes), align: 2
  Segment part 1.
           ENTRY                   ADDRESS         REF BY
           =====                   =======         ======
           __aeabi_d2iz            00117850 
           __doubleToLong          00117850        _Exp (?xexp)
                                                   _Sin (?xsin)
                                                   __doubleToLong::??rT (?xsin)
                                                   cCmdBinop (c_cmd)
                                                   cCmdInterpOther (c_cmd)
                                                   cCmdUnop2 (c_cmd)
                                                   cUiUpdateStatus (c_ui)
                                                   pow (?pow)
                                                   shell_sort_s1 (c_cmd)
                                                   shell_sort_s2 (c_cmd)
                                                   shell_sort_s4 (c_cmd)
                                                   shell_sort_u1 (c_cmd)
                                                   shell_sort_u2 (c_cmd)
                                                   shell_sort_u4 (c_cmd)
                                                   tan (?tan)
           __doubleToLong::??rA    00117850 

    -------------------------------------------------------------------------
  LIBRARY MODULE, NAME : ?DBL_EQ

  SEGMENTS IN THE MODULE
  ======================
CODE
  Relative segment, address: 001178B0 - 001178E3 (0x34 bytes), align: 2
  Segment part 0.
           ENTRY                   ADDRESS         REF BY
           =====                   =======         ======
           __aeabi_cdcmpeq         001178B0        Segment part 1 (?D_CmpFloat)
                                                   __dNotEqual (?D_CmpFloat1)

    -------------------------------------------------------------------------
  LIBRARY MODULE, NAME : ?D_CmpFloat

  SEGMENTS IN THE MODULE
  ======================
CODE
  Relative segment, address: 001178E4 - 001178FB (0x18 bytes), align: 2
  Segment part 1.
           ENTRY                   ADDRESS         REF BY
           =====                   =======         ======
           __aeabi_dcmpeq          001178E4 
           __dEqual                001178E4        _Cosh (?xcosh)
                                                   _Exp (?xexp)
                                                   _Sinh (?xsinh)
                                                   __dEqual::??rT (?xsinh)
                                                   pow (?pow)
           __dEqual::??rA          001178E4 

    -------------------------------------------------------------------------
  LIBRARY MODULE, NAME : ?D_CmpFloat1

  SEGMENTS IN THE MODULE
  ======================
CODE
  Relative segment, address: 001178FC - 00117913 (0x18 bytes), align: 2
  Segment part 1.
           ENTRY                   ADDRESS         REF BY
           =====                   =======         ======
           __dNotEqual             001178FC        _Sinh (?xsinh)
                                                   __dNotEqual::??rT (?xsinh)
                                                   pow (?pow)
           __dNotEqual::??rA       001178FC 

    -------------------------------------------------------------------------
  LIBRARY MODULE, NAME : ?SetInvalidFlag

  SEGMENTS IN THE MODULE
  ======================
CODE
  Relative segment, address: 00117914 - 0011792F (0x1c bytes), align: 2
  Segment part 0.
           ENTRY                   ADDRESS         REF BY
           =====                   =======         ======
           ?SetInvalidFlag         00117918        __aeabi_cdcmple (?DBL_LT)
           ?SetInvalidFlagClr      00117914        __aeabi_cdrcmple (?DBL_GE)

    -------------------------------------------------------------------------
  LIBRARY MODULE, NAME : ?DBL_GE

  SEGMENTS IN THE MODULE
  ======================
CODE
  Relative segment, address: 00117930 - 0011796F (0x40 bytes), align: 2
  Segment part 0.
           ENTRY                   ADDRESS         REF BY
           =====                   =======         ======
           __aeabi_cdrcmple        00117930        Segment part 1 (?D_CmpFloat5)

    -------------------------------------------------------------------------
  LIBRARY MODULE, NAME : ?D_CmpFloat5

  SEGMENTS IN THE MODULE
  ======================
CODE
  Relative segment, address: 00117970 - 00117987 (0x18 bytes), align: 2
  Segment part 1.
           ENTRY                   ADDRESS         REF BY
           =====                   =======         ======
           __aeabi_dcmpge          00117970 
           __dGreaterEqual         00117970        _Atan (?xatan)
                                                   _Exp (?xexp)
                                                   _Sin (?xsin)
                                                   __dGreaterEqual::??rT (?xsin)
                                                   atan (?atan)
                                                   ceil (?ceil)
                                                   fmod (?fmod)
                                                   pow (?pow)
                                                   tan (?tan)
           __dGreaterEqual::??rA   00117970 

    -------------------------------------------------------------------------
  LIBRARY MODULE, NAME : ?DBL_LT

  SEGMENTS IN THE MODULE
  ======================
CODE
  Relative segment, address: 00117988 - 001179C7 (0x40 bytes), align: 2
  Segment part 0.
           ENTRY                   ADDRESS         REF BY
           =====                   =======         ======
           __aeabi_cdcmple         00117988        Segment part 1 (?D_CmpFloat4)

    -------------------------------------------------------------------------
  LIBRARY MODULE, NAME : ?D_CmpFloat4

  SEGMENTS IN THE MODULE
  ======================
CODE
  Relative segment, address: 001179C8 - 001179DF (0x18 bytes), align: 2
  Segment part 1.
           ENTRY                   ADDRESS         REF BY
           =====                   =======         ======
           __dLess                 001179C8        _Atan (?xatan)
                                                   _Cosh (?xcosh)
                                                   _Exp (?xexp)
                                                   _Log (?xlog)
                                                   _Sin (?xsin)
                                                   _Sinh (?xsinh)
                                                   __dLess::??rT (?xsinh)
                                                   acos (?acos)
                                                   asin (?asin)
                                                   atan (?atan)
                                                   atan2 (?atan2)
                                                   floor (?floor)
                                                   fmod (?fmod)
                                                   pow (?pow)
                                                   tan (?tan)
                                                   tanh (?tanh)
           __dLess::??rA           001179C8 
           __aeabi_dcmplt          001179C8 

    -------------------------------------------------------------------------
  LIBRARY MODULE, NAME : ?D_MulFloat

  SEGMENTS IN THE MODULE
  ======================
CODE
  Relative segment, address: 001179E0 - 00117C17 (0x238 bytes), align: 2
  Segment part 1.
           ENTRY                   ADDRESS         REF BY
           =====                   =======         ======
           __dMul                  001179E0        _Atan (?xatan)
                                                   _Cosh (?xcosh)
                                                   _Exp (?xexp)
                                                   _Log (?xlog)
                                                   _Sin (?xsin)
                                                   _Sinh (?xsinh)
                                                   __dMul::??rT (?xsinh)
                                                   acos (?acos)
                                                   asin (?asin)
                                                   cCmdBinop (c_cmd)
                                                   cCmdInterpOther (c_cmd)
                                                   cCmdUnop2 (c_cmd)
                                                   cUiUpdateStatus (c_ui)
                                                   pow (?pow)
                                                   sqrt (?sqrt)
                                                   tan (?tan)
                                                   tanh (?tanh)
           __dMul::??rA            001179E0 
           __aeabi_dmul            001179E0 

    -------------------------------------------------------------------------
  LIBRARY MODULE, NAME : ?D_DivDouble

  SEGMENTS IN THE MODULE
  ======================
CODE
  Relative segment, address: 00117C18 - 00117F4B (0x334 bytes), align: 2
  Segment part 1.
           ENTRY                   ADDRESS         REF BY
           =====                   =======         ======
           __aeabi_ddiv            00117C18 
           __dDiv                  00117C18        _Atan (?xatan)
                                                   _Cosh (?xcosh)
                                                   _Exp (?xexp)
                                                   _Log (?xlog)
                                                   _Sinh (?xsinh)
                                                   __dDiv::??rT (?xsinh)
                                                   acos (?acos)
                                                   asin (?asin)
                                                   atan (?atan)
                                                   atan2 (?atan2)
                                                   cCmdInterpOther (c_cmd)
                                                   cCmdUnop2 (c_cmd)
                                                   cUiPrintSensorInDisplayBuffer (c_ui)
                                                   pow (?pow)
                                                   shell_sort_s1 (c_cmd)
                                                   shell_sort_s2 (c_cmd)
                                                   shell_sort_s4 (c_cmd)
                                                   shell_sort_u1 (c_cmd)
                                                   shell_sort_u2 (c_cmd)
                                                   shell_sort_u4 (c_cmd)
                                                   sqrt (?sqrt)
                                                   tan (?tan)
                                                   tanh (?tanh)
           __dDiv::??rA            00117C18 

    -------------------------------------------------------------------------
  LIBRARY MODULE, NAME : ?D_SubDouble

  SEGMENTS IN THE MODULE
  ======================
CODE
  Relative segment, address: 00117F4C - 00118143 (0x1f8 bytes), align: 2
  Segment part 1.
           ENTRY                   ADDRESS         REF BY
           =====                   =======         ======
           __aeabi_dsub            00117F4C 
           __dSub                  00117F4C        _Exp (?xexp)
                                                   _Log (?xlog)
                                                   _Sin (?xsin)
                                                   _Sinh (?xsinh)
                                                   __dSub::??rT (?xsinh)
                                                   acos (?acos)
                                                   asin (?asin)
                                                   cCmdInterpOther (c_cmd)
                                                   fmod (?fmod)
                                                   pow (?pow)
                                                   tan (?tan)
                                                   tanh (?tanh)
           __dSub::??rA            00117F4C 
           __DoSub                 00117F5C        Segment part 1 (?D_AddDouble)

    -------------------------------------------------------------------------
  LIBRARY MODULE, NAME : ?D_AddDouble

  SEGMENTS IN THE MODULE
  ======================
CODE
  Relative segment, address: 00118144 - 00118287 (0x144 bytes), align: 2
  Segment part 1.
           ENTRY                   ADDRESS         REF BY
           =====                   =======         ======
           __aeabi_dadd            00118144 
           __dAdd                  00118144        _Atan (?xatan)
                                                   _Cosh (?xcosh)
                                                   _Exp (?xexp)
                                                   _Log (?xlog)
                                                   _Sin (?xsin)
                                                   _Sinh (?xsinh)
                                                   __dAdd::??rT (?xsinh)
                                                   acos (?acos)
                                                   asin (?asin)
                                                   cCmdInterpOther (c_cmd)
                                                   ceil (?ceil)
                                                   floor (?floor)
                                                   pow (?pow)
                                                   sqrt (?sqrt)
                                                   tan (?tan)
                                                   tanh (?tanh)
           __dAdd::??rA            00118144 
           __DoAdd                 00118154        Segment part 1 (?D_SubDouble)




                ****************************************
                *                                      *
                *      SEGMENTS IN ADDRESS ORDER       *
                *                                      *
                ****************************************


SEGMENT              SPACE    START ADDRESS   END ADDRESS     SIZE  TYPE  ALIGN
=======              =====    =============   ===========     ====  ====  =====
DATA_I                             00000100 - 000006E3         5E4   rel    2
DATA_Z                             000006E4 - 0000B73A        B057   rel    2
CODE_I                             0000B73C - 0000C40F         CD4   rel    2
INTRAMEND_REMAP                         00010000                     rel    2
ICODE                              00100000 - 00100247         248   rel    2
CODE                               00100248 - 00118287       18040   rel    2
INITTAB                            00118288 - 001182AB          24   rel    2
DATA_ID                            001182AC - 0011888F         5E4   rel    2
DATA_C                             00118890 - 0011EA5B        61CC   rel    2
CODE_ID                            0011EA5C - 0011F72F         CD4   rel    2
INTRAMSTART                             00200000                     rel    2
INTRAMEND_BEFORE_REMAP
                                        00210000                     rel    2

                ****************************************
                *                                      *
                *        END OF CROSS REFERENCE        *
                *                                      *
                ****************************************

 98 952 bytes of CODE  memory
 49 935 bytes of DATA  memory
 29 864 bytes of CONST memory

Errors: none
Warnings: none

